  Automata.cpp
K:\$MAIN$\БГТУ\02\KPO_3sem\lab20\PolishNotation\PolishNotation\Automata.cpp(186,18): warning C4309: аргумент: усечение константного значения
K:\$MAIN$\БГТУ\02\KPO_3sem\lab20\PolishNotation\PolishNotation\Automata.cpp(187,18): warning C4309: аргумент: усечение константного значения
K:\$MAIN$\БГТУ\02\KPO_3sem\lab20\PolishNotation\PolishNotation\Automata.cpp(188,18): warning C4309: аргумент: усечение константного значения
K:\$MAIN$\БГТУ\02\KPO_3sem\lab20\PolishNotation\PolishNotation\Automata.cpp(189,18): warning C4309: аргумент: усечение константного значения
K:\$MAIN$\БГТУ\02\KPO_3sem\lab20\PolishNotation\PolishNotation\Automata.cpp(190,18): warning C4309: аргумент: усечение константного значения
K:\$MAIN$\БГТУ\02\KPO_3sem\lab20\PolishNotation\PolishNotation\Automata.cpp(191,18): warning C4309: аргумент: усечение константного значения
K:\$MAIN$\БГТУ\02\KPO_3sem\lab20\PolishNotation\PolishNotation\Automata.cpp(192,18): warning C4309: аргумент: усечение константного значения
K:\$MAIN$\БГТУ\02\KPO_3sem\lab20\PolishNotation\PolishNotation\Automata.cpp(193,18): warning C4309: аргумент: усечение константного значения
K:\$MAIN$\БГТУ\02\KPO_3sem\lab20\PolishNotation\PolishNotation\Automata.cpp(194,18): warning C4309: аргумент: усечение константного значения
K:\$MAIN$\БГТУ\02\KPO_3sem\lab20\PolishNotation\PolishNotation\Automata.cpp(195,18): warning C4309: аргумент: усечение константного значения
K:\$MAIN$\БГТУ\02\KPO_3sem\lab20\PolishNotation\PolishNotation\Automata.cpp(196,18): warning C4309: аргумент: усечение константного значения
K:\$MAIN$\БГТУ\02\KPO_3sem\lab20\PolishNotation\PolishNotation\Automata.cpp(197,18): warning C4309: аргумент: усечение константного значения
K:\$MAIN$\БГТУ\02\KPO_3sem\lab20\PolishNotation\PolishNotation\Automata.cpp(198,18): warning C4309: аргумент: усечение константного значения
K:\$MAIN$\БГТУ\02\KPO_3sem\lab20\PolishNotation\PolishNotation\Automata.cpp(199,18): warning C4309: аргумент: усечение константного значения
K:\$MAIN$\БГТУ\02\KPO_3sem\lab20\PolishNotation\PolishNotation\Automata.cpp(200,18): warning C4309: аргумент: усечение константного значения
K:\$MAIN$\БГТУ\02\KPO_3sem\lab20\PolishNotation\PolishNotation\Automata.cpp(201,18): warning C4309: аргумент: усечение константного значения
K:\$MAIN$\БГТУ\02\KPO_3sem\lab20\PolishNotation\PolishNotation\Automata.cpp(202,18): warning C4309: аргумент: усечение константного значения
K:\$MAIN$\БГТУ\02\KPO_3sem\lab20\PolishNotation\PolishNotation\Automata.cpp(203,18): warning C4309: аргумент: усечение константного значения
K:\$MAIN$\БГТУ\02\KPO_3sem\lab20\PolishNotation\PolishNotation\Automata.cpp(204,18): warning C4309: аргумент: усечение константного значения
K:\$MAIN$\БГТУ\02\KPO_3sem\lab20\PolishNotation\PolishNotation\Automata.cpp(205,18): warning C4309: аргумент: усечение константного значения
K:\$MAIN$\БГТУ\02\KPO_3sem\lab20\PolishNotation\PolishNotation\Automata.cpp(206,18): warning C4309: аргумент: усечение константного значения
K:\$MAIN$\БГТУ\02\KPO_3sem\lab20\PolishNotation\PolishNotation\Automata.cpp(207,18): warning C4309: аргумент: усечение константного значения
K:\$MAIN$\БГТУ\02\KPO_3sem\lab20\PolishNotation\PolishNotation\Automata.cpp(208,18): warning C4309: аргумент: усечение константного значения
K:\$MAIN$\БГТУ\02\KPO_3sem\lab20\PolishNotation\PolishNotation\Automata.cpp(209,18): warning C4309: аргумент: усечение константного значения
K:\$MAIN$\БГТУ\02\KPO_3sem\lab20\PolishNotation\PolishNotation\Automata.cpp(210,18): warning C4309: аргумент: усечение константного значения
K:\$MAIN$\БГТУ\02\KPO_3sem\lab20\PolishNotation\PolishNotation\Automata.cpp(211,18): warning C4309: аргумент: усечение константного значения
K:\$MAIN$\БГТУ\02\KPO_3sem\lab20\PolishNotation\PolishNotation\Automata.cpp(212,18): warning C4309: аргумент: усечение константного значения
K:\$MAIN$\БГТУ\02\KPO_3sem\lab20\PolishNotation\PolishNotation\Automata.cpp(213,18): warning C4309: аргумент: усечение константного значения
K:\$MAIN$\БГТУ\02\KPO_3sem\lab20\PolishNotation\PolishNotation\Automata.cpp(214,18): warning C4309: аргумент: усечение константного значения
K:\$MAIN$\БГТУ\02\KPO_3sem\lab20\PolishNotation\PolishNotation\Automata.cpp(215,18): warning C4309: аргумент: усечение константного значения
K:\$MAIN$\БГТУ\02\KPO_3sem\lab20\PolishNotation\PolishNotation\Automata.cpp(216,18): warning C4309: аргумент: усечение константного значения
K:\$MAIN$\БГТУ\02\KPO_3sem\lab20\PolishNotation\PolishNotation\Automata.cpp(217,18): warning C4309: аргумент: усечение константного значения
K:\$MAIN$\БГТУ\02\KPO_3sem\lab20\PolishNotation\PolishNotation\Automata.cpp(218,18): warning C4309: аргумент: усечение константного значения
K:\$MAIN$\БГТУ\02\KPO_3sem\lab20\PolishNotation\PolishNotation\Automata.cpp(219,18): warning C4309: аргумент: усечение константного значения
K:\$MAIN$\БГТУ\02\KPO_3sem\lab20\PolishNotation\PolishNotation\Automata.cpp(220,18): warning C4309: аргумент: усечение константного значения
K:\$MAIN$\БГТУ\02\KPO_3sem\lab20\PolishNotation\PolishNotation\Automata.cpp(221,18): warning C4309: аргумент: усечение константного значения
K:\$MAIN$\БГТУ\02\KPO_3sem\lab20\PolishNotation\PolishNotation\Automata.cpp(222,18): warning C4309: аргумент: усечение константного значения
K:\$MAIN$\БГТУ\02\KPO_3sem\lab20\PolishNotation\PolishNotation\Automata.cpp(223,18): warning C4309: аргумент: усечение константного значения
K:\$MAIN$\БГТУ\02\KPO_3sem\lab20\PolishNotation\PolishNotation\Automata.cpp(224,18): warning C4309: аргумент: усечение константного значения
K:\$MAIN$\БГТУ\02\KPO_3sem\lab20\PolishNotation\PolishNotation\Automata.cpp(225,18): warning C4309: аргумент: усечение константного значения
K:\$MAIN$\БГТУ\02\KPO_3sem\lab20\PolishNotation\PolishNotation\Automata.cpp(226,18): warning C4309: аргумент: усечение константного значения
K:\$MAIN$\БГТУ\02\KPO_3sem\lab20\PolishNotation\PolishNotation\Automata.cpp(227,18): warning C4309: аргумент: усечение константного значения
K:\$MAIN$\БГТУ\02\KPO_3sem\lab20\PolishNotation\PolishNotation\Automata.cpp(228,18): warning C4309: аргумент: усечение константного значения
K:\$MAIN$\БГТУ\02\KPO_3sem\lab20\PolishNotation\PolishNotation\Automata.cpp(229,18): warning C4309: аргумент: усечение константного значения
K:\$MAIN$\БГТУ\02\KPO_3sem\lab20\PolishNotation\PolishNotation\Automata.cpp(230,18): warning C4309: аргумент: усечение константного значения
K:\$MAIN$\БГТУ\02\KPO_3sem\lab20\PolishNotation\PolishNotation\Automata.cpp(231,18): warning C4309: аргумент: усечение константного значения
K:\$MAIN$\БГТУ\02\KPO_3sem\lab20\PolishNotation\PolishNotation\Automata.cpp(232,18): warning C4309: аргумент: усечение константного значения
K:\$MAIN$\БГТУ\02\KPO_3sem\lab20\PolishNotation\PolishNotation\Automata.cpp(233,18): warning C4309: аргумент: усечение константного значения
K:\$MAIN$\БГТУ\02\KPO_3sem\lab20\PolishNotation\PolishNotation\Automata.cpp(234,18): warning C4309: аргумент: усечение константного значения
K:\$MAIN$\БГТУ\02\KPO_3sem\lab20\PolishNotation\PolishNotation\Automata.cpp(235,18): warning C4309: аргумент: усечение константного значения
K:\$MAIN$\БГТУ\02\KPO_3sem\lab20\PolishNotation\PolishNotation\Automata.cpp(236,18): warning C4309: аргумент: усечение константного значения
K:\$MAIN$\БГТУ\02\KPO_3sem\lab20\PolishNotation\PolishNotation\Automata.cpp(237,18): warning C4309: аргумент: усечение константного значения
K:\$MAIN$\БГТУ\02\KPO_3sem\lab20\PolishNotation\PolishNotation\Automata.cpp(238,18): warning C4309: аргумент: усечение константного значения
K:\$MAIN$\БГТУ\02\KPO_3sem\lab20\PolishNotation\PolishNotation\Automata.cpp(239,18): warning C4309: аргумент: усечение константного значения
K:\$MAIN$\БГТУ\02\KPO_3sem\lab20\PolishNotation\PolishNotation\Automata.cpp(240,18): warning C4309: аргумент: усечение константного значения
K:\$MAIN$\БГТУ\02\KPO_3sem\lab20\PolishNotation\PolishNotation\Automata.cpp(241,18): warning C4309: аргумент: усечение константного значения
K:\$MAIN$\БГТУ\02\KPO_3sem\lab20\PolishNotation\PolishNotation\Automata.cpp(242,18): warning C4309: аргумент: усечение константного значения
K:\$MAIN$\БГТУ\02\KPO_3sem\lab20\PolishNotation\PolishNotation\Automata.cpp(243,18): warning C4309: аргумент: усечение константного значения
K:\$MAIN$\БГТУ\02\KPO_3sem\lab20\PolishNotation\PolishNotation\Automata.cpp(244,18): warning C4309: аргумент: усечение константного значения
K:\$MAIN$\БГТУ\02\KPO_3sem\lab20\PolishNotation\PolishNotation\Automata.cpp(245,18): warning C4309: аргумент: усечение константного значения
K:\$MAIN$\БГТУ\02\KPO_3sem\lab20\PolishNotation\PolishNotation\Automata.cpp(246,18): warning C4309: аргумент: усечение константного значения
K:\$MAIN$\БГТУ\02\KPO_3sem\lab20\PolishNotation\PolishNotation\Automata.cpp(247,18): warning C4309: аргумент: усечение константного значения
K:\$MAIN$\БГТУ\02\KPO_3sem\lab20\PolishNotation\PolishNotation\Automata.cpp(248,18): warning C4309: аргумент: усечение константного значения
K:\$MAIN$\БГТУ\02\KPO_3sem\lab20\PolishNotation\PolishNotation\Automata.cpp(249,18): warning C4309: аргумент: усечение константного значения
K:\$MAIN$\БГТУ\02\KPO_3sem\lab20\PolishNotation\PolishNotation\Automata.cpp(250,18): warning C4309: аргумент: усечение константного значения
K:\$MAIN$\БГТУ\02\KPO_3sem\lab20\PolishNotation\PolishNotation\Automata.cpp(251,18): warning C4309: аргумент: усечение константного значения
K:\$MAIN$\БГТУ\02\KPO_3sem\lab20\PolishNotation\PolishNotation\Automata.cpp(252,18): warning C4309: аргумент: усечение константного значения
K:\$MAIN$\БГТУ\02\KPO_3sem\lab20\PolishNotation\PolishNotation\Automata.cpp(253,18): warning C4309: аргумент: усечение константного значения
K:\$MAIN$\БГТУ\02\KPO_3sem\lab20\PolishNotation\PolishNotation\Automata.cpp(254,18): warning C4309: аргумент: усечение константного значения
K:\$MAIN$\БГТУ\02\KPO_3sem\lab20\PolishNotation\PolishNotation\Automata.cpp(255,18): warning C4309: аргумент: усечение константного значения
K:\$MAIN$\БГТУ\02\KPO_3sem\lab20\PolishNotation\PolishNotation\Automata.cpp(256,18): warning C4309: аргумент: усечение константного значения
K:\$MAIN$\БГТУ\02\KPO_3sem\lab20\PolishNotation\PolishNotation\Automata.cpp(257,18): warning C4309: аргумент: усечение константного значения
K:\$MAIN$\БГТУ\02\KPO_3sem\lab20\PolishNotation\PolishNotation\Automata.cpp(258,18): warning C4309: аргумент: усечение константного значения
K:\$MAIN$\БГТУ\02\KPO_3sem\lab20\PolishNotation\PolishNotation\Automata.cpp(259,18): warning C4309: аргумент: усечение константного значения
K:\$MAIN$\БГТУ\02\KPO_3sem\lab20\PolishNotation\PolishNotation\Automata.cpp(260,18): warning C4309: аргумент: усечение константного значения
K:\$MAIN$\БГТУ\02\KPO_3sem\lab20\PolishNotation\PolishNotation\Automata.cpp(261,18): warning C4309: аргумент: усечение константного значения
K:\$MAIN$\БГТУ\02\KPO_3sem\lab20\PolishNotation\PolishNotation\Automata.cpp(262,18): warning C4309: аргумент: усечение константного значения
K:\$MAIN$\БГТУ\02\KPO_3sem\lab20\PolishNotation\PolishNotation\Automata.cpp(263,18): warning C4309: аргумент: усечение константного значения
K:\$MAIN$\БГТУ\02\KPO_3sem\lab20\PolishNotation\PolishNotation\Automata.cpp(264,18): warning C4309: аргумент: усечение константного значения
K:\$MAIN$\БГТУ\02\KPO_3sem\lab20\PolishNotation\PolishNotation\Automata.cpp(265,18): warning C4309: аргумент: усечение константного значения
K:\$MAIN$\БГТУ\02\KPO_3sem\lab20\PolishNotation\PolishNotation\Automata.cpp(266,18): warning C4309: аргумент: усечение константного значения
K:\$MAIN$\БГТУ\02\KPO_3sem\lab20\PolishNotation\PolishNotation\Automata.cpp(267,18): warning C4309: аргумент: усечение константного значения
K:\$MAIN$\БГТУ\02\KPO_3sem\lab20\PolishNotation\PolishNotation\Automata.cpp(268,18): warning C4309: аргумент: усечение константного значения
K:\$MAIN$\БГТУ\02\KPO_3sem\lab20\PolishNotation\PolishNotation\Automata.cpp(269,18): warning C4309: аргумент: усечение константного значения
K:\$MAIN$\БГТУ\02\KPO_3sem\lab20\PolishNotation\PolishNotation\Automata.cpp(270,18): warning C4309: аргумент: усечение константного значения
K:\$MAIN$\БГТУ\02\KPO_3sem\lab20\PolishNotation\PolishNotation\Automata.cpp(271,18): warning C4309: аргумент: усечение константного значения
K:\$MAIN$\БГТУ\02\KPO_3sem\lab20\PolishNotation\PolishNotation\Automata.cpp(272,18): warning C4309: аргумент: усечение константного значения
K:\$MAIN$\БГТУ\02\KPO_3sem\lab20\PolishNotation\PolishNotation\Automata.cpp(273,18): warning C4309: аргумент: усечение константного значения
K:\$MAIN$\БГТУ\02\KPO_3sem\lab20\PolishNotation\PolishNotation\Automata.cpp(274,18): warning C4309: аргумент: усечение константного значения
K:\$MAIN$\БГТУ\02\KPO_3sem\lab20\PolishNotation\PolishNotation\Automata.cpp(275,18): warning C4309: аргумент: усечение константного значения
K:\$MAIN$\БГТУ\02\KPO_3sem\lab20\PolishNotation\PolishNotation\Automata.cpp(276,18): warning C4309: аргумент: усечение константного значения
K:\$MAIN$\БГТУ\02\KPO_3sem\lab20\PolishNotation\PolishNotation\Automata.cpp(277,18): warning C4309: аргумент: усечение константного значения
K:\$MAIN$\БГТУ\02\KPO_3sem\lab20\PolishNotation\PolishNotation\Automata.cpp(278,18): warning C4309: аргумент: усечение константного значения
K:\$MAIN$\БГТУ\02\KPO_3sem\lab20\PolishNotation\PolishNotation\Automata.cpp(279,18): warning C4309: аргумент: усечение константного значения
K:\$MAIN$\БГТУ\02\KPO_3sem\lab20\PolishNotation\PolishNotation\Automata.cpp(280,18): warning C4309: аргумент: усечение константного значения
K:\$MAIN$\БГТУ\02\KPO_3sem\lab20\PolishNotation\PolishNotation\Automata.cpp(281,18): warning C4309: аргумент: усечение константного значения
K:\$MAIN$\БГТУ\02\KPO_3sem\lab20\PolishNotation\PolishNotation\Automata.cpp(282,18): warning C4309: аргумент: усечение константного значения
K:\$MAIN$\БГТУ\02\KPO_3sem\lab20\PolishNotation\PolishNotation\Automata.cpp(283,18): warning C4309: аргумент: усечение константного значения
K:\$MAIN$\БГТУ\02\KPO_3sem\lab20\PolishNotation\PolishNotation\Automata.cpp(284,18): warning C4309: аргумент: усечение константного значения
K:\$MAIN$\БГТУ\02\KPO_3sem\lab20\PolishNotation\PolishNotation\Automata.cpp(285,18): warning C4309: аргумент: усечение константного значения
K:\$MAIN$\БГТУ\02\KPO_3sem\lab20\PolishNotation\PolishNotation\Automata.cpp(286,18): warning C4309: аргумент: усечение константного значения
K:\$MAIN$\БГТУ\02\KPO_3sem\lab20\PolishNotation\PolishNotation\Automata.cpp(287,18): warning C4309: аргумент: усечение константного значения
K:\$MAIN$\БГТУ\02\KPO_3sem\lab20\PolishNotation\PolishNotation\Automata.cpp(288,18): warning C4309: аргумент: усечение константного значения
K:\$MAIN$\БГТУ\02\KPO_3sem\lab20\PolishNotation\PolishNotation\Automata.cpp(289,18): warning C4309: аргумент: усечение константного значения
K:\$MAIN$\БГТУ\02\KPO_3sem\lab20\PolishNotation\PolishNotation\Automata.cpp(290,18): warning C4309: аргумент: усечение константного значения
K:\$MAIN$\БГТУ\02\KPO_3sem\lab20\PolishNotation\PolishNotation\Automata.cpp(291,18): warning C4309: аргумент: усечение константного значения
K:\$MAIN$\БГТУ\02\KPO_3sem\lab20\PolishNotation\PolishNotation\Automata.cpp(292,18): warning C4309: аргумент: усечение константного значения
K:\$MAIN$\БГТУ\02\KPO_3sem\lab20\PolishNotation\PolishNotation\Automata.cpp(293,18): warning C4309: аргумент: усечение константного значения
K:\$MAIN$\БГТУ\02\KPO_3sem\lab20\PolishNotation\PolishNotation\Automata.cpp(294,18): warning C4309: аргумент: усечение константного значения
K:\$MAIN$\БГТУ\02\KPO_3sem\lab20\PolishNotation\PolishNotation\Automata.cpp(295,18): warning C4309: аргумент: усечение константного значения
K:\$MAIN$\БГТУ\02\KPO_3sem\lab20\PolishNotation\PolishNotation\Automata.cpp(296,18): warning C4309: аргумент: усечение константного значения
K:\$MAIN$\БГТУ\02\KPO_3sem\lab20\PolishNotation\PolishNotation\Automata.cpp(297,18): warning C4309: аргумент: усечение константного значения
K:\$MAIN$\БГТУ\02\KPO_3sem\lab20\PolishNotation\PolishNotation\Automata.cpp(298,18): warning C4309: аргумент: усечение константного значения
K:\$MAIN$\БГТУ\02\KPO_3sem\lab20\PolishNotation\PolishNotation\Automata.cpp(299,18): warning C4309: аргумент: усечение константного значения
K:\$MAIN$\БГТУ\02\KPO_3sem\lab20\PolishNotation\PolishNotation\Automata.cpp(300,18): warning C4309: аргумент: усечение константного значения
K:\$MAIN$\БГТУ\02\KPO_3sem\lab20\PolishNotation\PolishNotation\Automata.cpp(301,18): warning C4309: аргумент: усечение константного значения
K:\$MAIN$\БГТУ\02\KPO_3sem\lab20\PolishNotation\PolishNotation\Automata.cpp(302,18): warning C4309: аргумент: усечение константного значения
K:\$MAIN$\БГТУ\02\KPO_3sem\lab20\PolishNotation\PolishNotation\Automata.cpp(303,18): warning C4309: аргумент: усечение константного значения
K:\$MAIN$\БГТУ\02\KPO_3sem\lab20\PolishNotation\PolishNotation\Automata.cpp(304,18): warning C4309: аргумент: усечение константного значения
K:\$MAIN$\БГТУ\02\KPO_3sem\lab20\PolishNotation\PolishNotation\Automata.cpp(305,18): warning C4309: аргумент: усечение константного значения
K:\$MAIN$\БГТУ\02\KPO_3sem\lab20\PolishNotation\PolishNotation\Automata.cpp(306,18): warning C4309: аргумент: усечение константного значения
K:\$MAIN$\БГТУ\02\KPO_3sem\lab20\PolishNotation\PolishNotation\Automata.cpp(307,18): warning C4309: аргумент: усечение константного значения
K:\$MAIN$\БГТУ\02\KPO_3sem\lab20\PolishNotation\PolishNotation\Automata.cpp(308,18): warning C4309: аргумент: усечение константного значения
K:\$MAIN$\БГТУ\02\KPO_3sem\lab20\PolishNotation\PolishNotation\Automata.cpp(309,18): warning C4309: аргумент: усечение константного значения
K:\$MAIN$\БГТУ\02\KPO_3sem\lab20\PolishNotation\PolishNotation\Automata.cpp(310,18): warning C4309: аргумент: усечение константного значения
K:\$MAIN$\БГТУ\02\KPO_3sem\lab20\PolishNotation\PolishNotation\Automata.cpp(311,18): warning C4309: аргумент: усечение константного значения
K:\$MAIN$\БГТУ\02\KPO_3sem\lab20\PolishNotation\PolishNotation\Automata.cpp(312,18): warning C4309: аргумент: усечение константного значения
K:\$MAIN$\БГТУ\02\KPO_3sem\lab20\PolishNotation\PolishNotation\Automata.cpp(313,18): warning C4309: аргумент: усечение константного значения
  LEX.cpp
  LT.cpp
  MAIN.cpp
  MFST.cpp
K:\$MAIN$\БГТУ\02\KPO_3sem\lab20\PolishNotation\PolishNotation\MFST.cpp(141,5): warning C4002: слишком много аргументов для вызова макроса, подобного функции, "MFST_TRACE4"
K:\$MAIN$\БГТУ\02\KPO_3sem\lab20\PolishNotation\PolishNotation\MFST.cpp(148,4): warning C4002: слишком много аргументов для вызова макроса, подобного функции, "MFST_TRACE4"
K:\$MAIN$\БГТУ\02\KPO_3sem\lab20\PolishNotation\PolishNotation\MFST.cpp(303,66): warning C4267: =: преобразование из "size_t" в "short"; возможна потеря данных
  PolishNotation.cpp
  Tests.cpp
K:\$MAIN$\БГТУ\02\KPO_3sem\lab20\PolishNotation\PolishNotation\Tests.cpp(476,21): warning C4018: <: несоответствие типов со знаком и без знака
K:\$MAIN$\БГТУ\02\KPO_3sem\lab20\PolishNotation\PolishNotation\Tests.cpp(479,22): warning C4018: <: несоответствие типов со знаком и без знака
  Создание кода...
  PolishNotation.vcxproj -> K:\$MAIN$\БГТУ\02\KPO_3sem\lab20\PolishNotation\Debug\PolishNotation.exe
