d:\unik\02\kpo\kpo_3sem\lab17.1\selab17\debug\vc143.pdb
d:\unik\02\kpo\kpo_3sem\lab17.1\selab17\debug\vc143.idb
d:\unik\02\kpo\kpo_3sem\lab17.1\selab17\debug\se_lab14.obj
d:\unik\02\kpo\kpo_3sem\lab17.1\selab17\debug\selab17.obj
d:\unik\02\kpo\kpo_3sem\lab17.1\selab17\debug\parm.obj
d:\unik\02\kpo\kpo_3sem\lab17.1\selab17\debug\out.obj
d:\unik\02\kpo\kpo_3sem\lab17.1\selab17\debug\log.obj
d:\unik\02\kpo\kpo_3sem\lab17.1\selab17\debug\in.obj
d:\unik\02\kpo\kpo_3sem\lab17.1\selab17\debug\error.obj
d:\unik\02\kpo\kpo_3sem\lab17.1\debug\selab17.exe
d:\unik\02\kpo\kpo_3sem\lab17.1\debug\selab17.pdb
d:\unik\02\kpo\kpo_3sem\lab17.1\selab17\debug\selab17.ilk
d:\unik\02\kpo\kpo_3sem\lab17.1\selab17\debug\selab17.tlog\cl.command.1.tlog
d:\unik\02\kpo\kpo_3sem\lab17.1\selab17\debug\selab17.tlog\cl.items.tlog
d:\unik\02\kpo\kpo_3sem\lab17.1\selab17\debug\selab17.tlog\cl.read.1.tlog
d:\unik\02\kpo\kpo_3sem\lab17.1\selab17\debug\selab17.tlog\cl.write.1.tlog
d:\unik\02\kpo\kpo_3sem\lab17.1\selab17\debug\selab17.tlog\link.command.1.tlog
d:\unik\02\kpo\kpo_3sem\lab17.1\selab17\debug\selab17.tlog\link.read.1.tlog
d:\unik\02\kpo\kpo_3sem\lab17.1\selab17\debug\selab17.tlog\link.secondary.1.tlog
d:\unik\02\kpo\kpo_3sem\lab17.1\selab17\debug\selab17.tlog\link.write.1.tlog
