Тест без ошибок 

Тест без ошибок 
---- Протокол ------ 08.10.2025 19:06:06 ----------------------
---- Параметры ------
-log: correct.txt.log
-out: correct.txt.out
-in: correct.txt
---- Исходные данные ------
Количество символов: 37
Проигнорировано:     1
Количество строк:    3
Коды всех символов:  3
2048 2048 2048 2048 2048 2048 2048 2048 2048 2048 1024 2048 2048 1024 2048 2048 2048 
2048 2048 2048 2048 2048 2048 2048 2048 2048 2048 2048 2048 2048 2048 2048 2048 
2048 2048 2048 2048 2048 2048 2048 2048 2048 2048 2048 2048 2048 2048 2048 1024 
2048 1024 2048 2048 1024 1024 2048 2048 2048 2048 2048 2048 2048 2048 2048 2048 
1024 1024 2048 2048 1024 2048 2048 2048 2048 2048 1024 1024 2048 2048 2048 2048 
2048 1024 1024 2048 1024 2048 2048 4096 1024 2048 2048 2048 2048 2048 2048 2048 
1024 1024 2048 2048 1024 2048 2048 2048 2048 2048 1024 1024 2048 2048 2048 2048 
2048 1024 1024 2048 1024 2048 2048 4096 1024 2048 2048 2048 2048 2048 2048 2048 
2048 2048 2048 2048 2048 2048 2048 2048 2048 2048 2048 2048 2048 2048 2048 2048 
2048 2048 2048 2048 2048 2048 2048 2048 2048 2048 2048 2048 2048 2048 2048 2048 
2048 2048 2048 2048 2048 2048 2048 2048 2048 2048 2048 2048 2048 2048 2048 2048 
2048 2048 2048 2048 2048 2048 2048 2048 2048 2048 2048 2048 2048 2048 2048 45 
1024 2048 2048 1024 2048 2048 2048 1024 1024 1024 2048 2048 2048 2048 1024 2048 
2048 2048 2048 2048 2048 2048 2048 1024 1024 2048 2048 2048 2048 2048 2048 2048 
1024 2048 2048 1024 1024 2048 2048 1024 1024 1024 1024 2048 2048 2048 1024 1024 
1024 2048 1024 2048 2048 2048 2048 1024 1024 1024 2048 2048 2048 2048 2048 