d:\unik\02\kpo\kpo_3sem\lab17.2\lexrec\lexrec\debug\vc143.pdb
d:\unik\02\kpo\kpo_3sem\lab17.2\lexrec\lexrec\debug\vc143.idb
d:\unik\02\kpo\kpo_3sem\lab17.2\lexrec\lexrec\debug\tests.obj
d:\unik\02\kpo\kpo_3sem\lab17.2\lexrec\lexrec\debug\selab17.obj
d:\unik\02\kpo\kpo_3sem\lab17.2\lexrec\lexrec\debug\parm.obj
d:\unik\02\kpo\kpo_3sem\lab17.2\lexrec\lexrec\debug\out.obj
d:\unik\02\kpo\kpo_3sem\lab17.2\lexrec\lexrec\debug\lt.obj
d:\unik\02\kpo\kpo_3sem\lab17.2\lexrec\lexrec\debug\log.obj
d:\unik\02\kpo\kpo_3sem\lab17.2\lexrec\lexrec\debug\lexer.obj
d:\unik\02\kpo\kpo_3sem\lab17.2\lexrec\lexrec\debug\it.obj
d:\unik\02\kpo\kpo_3sem\lab17.2\lexrec\lexrec\debug\in.obj
d:\unik\02\kpo\kpo_3sem\lab17.2\lexrec\lexrec\debug\fst.obj
d:\unik\02\kpo\kpo_3sem\lab17.2\lexrec\lexrec\debug\error.obj
d:\unik\02\kpo\kpo_3sem\lab17.2\lexrec\lexrec\debug\automata.obj
d:\unik\02\kpo\kpo_3sem\lab17.2\lexrec\debug\lexrec.pdb
d:\unik\02\kpo\kpo_3sem\lab17.2\lexrec\lexrec\debug\lexrec.tlog\cl.command.1.tlog
d:\unik\02\kpo\kpo_3sem\lab17.2\lexrec\lexrec\debug\lexrec.tlog\cl.read.1.tlog
d:\unik\02\kpo\kpo_3sem\lab17.2\lexrec\lexrec\debug\lexrec.tlog\cl.write.1.tlog
d:\unik\02\kpo\kpo_3sem\lab17.2\lexrec\lexrec\debug\lexrec.tlog\link-cvtres.read.1.tlog
d:\unik\02\kpo\kpo_3sem\lab17.2\lexrec\lexrec\debug\lexrec.tlog\link-cvtres.write.1.tlog
d:\unik\02\kpo\kpo_3sem\lab17.2\lexrec\lexrec\debug\lexrec.tlog\link-rc.read.1.tlog
d:\unik\02\kpo\kpo_3sem\lab17.2\lexrec\lexrec\debug\lexrec.tlog\link-rc.write.1.tlog
d:\unik\02\kpo\kpo_3sem\lab17.2\lexrec\lexrec\debug\lexrec.tlog\link.command.1.tlog
d:\unik\02\kpo\kpo_3sem\lab17.2\lexrec\lexrec\debug\lexrec.tlog\link.read.1.tlog
d:\unik\02\kpo\kpo_3sem\lab17.2\lexrec\lexrec\debug\lexrec.tlog\link.write.1.tlog
