Microsoft (R) Macro Assembler (x64) Version 14.41.34120.0   11/24/24 22:06:42
LP_asm.asm						     Page 1 - 1


				.586;
LP_asm.asm(1) : error A2008:syntax error : .
				.MODEL FLAT, STDCALL;
LP_asm.asm(2) : error A2008:syntax error : .
				includelib kerne132.lib;

				ExitProcess PROTO : DWORD;
				MessageBoxA PROTO : DWORD, : DWORD, : DWORD, : DWORD;

				.STACK 4096;
LP_asm.asm(8) : error A2008:syntax error : .

 00000000			.CONST;

 00000000			.DATA;
 = 00000000			MB_QK EQU 0;
 00000000 CC EE FF 20 EF	STR1 DB "Моя первая программа", 0;
	   E5 F0 E2 E0 FF
	   20 EF F0 EE E3
	   F0 E0 EC EC E0
	   00
 00000015 CF F0 E8 E2 E5	STR2 DB "Привет всем!", 0;
	   F2 20 E2 F1 E5
	   EC 21 00
				HW DD?;
LP_asm.asm(16) : error A2008:syntax error : HW

 00000000			.CODE;

 00000000			main PROC;
 00000000			START : ;
					INVOKE MessageBoxA, HW, OFFSET STR2, OFFSET STR1, MB_OK
LP_asm.asm(22) : error A2008:syntax error : MessageBoxA

 00000000  6A FF			push - 1;
 00000002  E8 00000000 E		call ExitProcess;
 00000007			main ENDP;

				end main;
LP_asm.asm(28) : error A2008:syntax error : main
LP_asm.asm(28) : error A2088:END directive required at end of file
Microsoft (R) Macro Assembler (x64) Version 14.41.34120.0   11/24/24 22:06:42
LP_asm.asm						     Symbols 2 - 1




Segments:

                N a m e                  Length   Align   Class

CONST  . . . . . . . . . . . . .	 00000000 16	  'CONST'	 ReadOnly


Procedures, parameters, and locals:

                N a m e                 Type     Value    Attr

ExitProcess  . . . . . . . . . .	P 	 00000000 Length= 00000000 External
MessageBoxA  . . . . . . . . . .	P 	 00000000 Length= 00000000 External
main . . . . . . . . . . . . . .	P 	 00000000 _TEXT	Length= 00000007 Public
  START  . . . . . . . . . . . .	L 	 00000000 _TEXT	


Symbols:

                N a m e                 Type     Value    Attr

MB_QK  . . . . . . . . . . . . .	Number	 00000000h   
STR1 . . . . . . . . . . . . . .	Byte	 00000000 _DATA	
STR2 . . . . . . . . . . . . . .	Byte	 00000015 _DATA	

	   0 Warnings
	   7 Errors
