Сборка начата 15.10.2025 18:29:34.
Уровень детализации журнала: Normal.     1>Проект "D:\$MAIN$\02\КПО\kpo_3sem\SE_Lab14\SE_Lab14.vcxproj" в узле 2 (целевые объекты Build).
     1>PrepareForBuild:
         Структурированный вывод включен. Форматирование диагностики компилятора будет отражать иерархию ошибок. Подробнее см. https://aka.ms/cpp/structured-output.
       InitializeBuildStatus:
         Обращение к "Debug\SE_Lab14.tlog\unsuccessfulbuild".
       ClCompile:
         C:\Program Files\Microsoft Visual Studio\2022\Community\VC\Tools\MSVC\14.42.34433\bin\HostX86\x86\CL.exe /c /ZI /JMC /nologo /W3 /WX- /diagnostics:column /sdl /Od /Oy- /D WIN32 /D _DEBUG /D _CONSOLE /D _UNICODE /D UNICODE /Gm- /EHsc /RTC1 /MDd /GS /fp:precise /Zc:wchar_t /Zc:forScope /Zc:inline /permissive- /Fo"Debug\\" /Fd"Debug\vc143.pdb" /external:W3 /Gd /TP /analyze- /FC /errorReport:prompt Out.cpp SE_Lab14.cpp
         Out.cpp
         SE_Lab14.cpp
         Создание кода...
       Link:
         C:\Program Files\Microsoft Visual Studio\2022\Community\VC\Tools\MSVC\14.42.34433\bin\HostX86\x86\link.exe /ERRORREPORT:PROMPT /OUT:"D:\$MAIN$\02\КПО\kpo_3sem\Debug\SE_Lab14.exe" /INCREMENTAL /ILK:"Debug\SE_Lab14.ilk" /NOLOGO kernel32.lib user32.lib gdi32.lib winspool.lib comdlg32.lib advapi32.lib shell32.lib ole32.lib oleaut32.lib uuid.lib odbc32.lib odbccp32.lib /MANIFEST /MANIFESTUAC:"level='asInvoker' uiAccess='false'" /manifest:embed /DEBUG /PDB:"D:\$MAIN$\02\КПО\kpo_3sem\Debug\SE_Lab14.pdb" /SUBSYSTEM:CONSOLE /TLBID:1 /DYNAMICBASE /NXCOMPAT /IMPLIB:"D:\$MAIN$\02\КПО\kpo_3sem\Debug\SE_Lab14.lib" /MACHINE:X86 Debug\Error.obj
         Debug\In.obj
         Debug\Log.obj
         Debug\Out.obj
         Debug\Parm.obj
         Debug\SE_Lab14.obj
         SE_Lab14.vcxproj -> D:\$MAIN$\02\КПО\kpo_3sem\Debug\SE_Lab14.exe
       FinalizeBuildStatus:
         Файл "Debug\SE_Lab14.tlog\unsuccessfulbuild" удаляется.
         Обращение к "Debug\SE_Lab14.tlog\SE_Lab14.lastbuildstate".
     1>Сборка проекта "D:\$MAIN$\02\КПО\kpo_3sem\SE_Lab14\SE_Lab14.vcxproj" завершена (целевые объекты Build).

Сборка успешно завершена.
    Предупреждений: 0
    Ошибок: 0

Прошло времени 00:00:01.19
