k:\$main$\бгту\02\кпо\se_lab14\se_lab14\debug\vc143.pdb
k:\$main$\бгту\02\кпо\se_lab14\se_lab14\debug\vc143.idb
k:\$main$\бгту\02\кпо\se_lab14\se_lab14\debug\parm.obj
k:\$main$\бгту\02\кпо\se_lab14\se_lab14\debug\in.obj
k:\$main$\бгту\02\кпо\se_lab14\se_lab14\debug\error.obj
k:\$main$\бгту\02\кпо\se_lab14\se_lab14\debug\se_lab14.obj
k:\$main$\бгту\02\кпо\se_lab14\se_lab14\debug\log.obj
k:\$main$\бгту\02\кпо\se_lab14\se_lab14\debug\out.obj
k:\$main$\бгту\02\кпо\se_lab14\debug\se_lab14.exe
k:\$main$\бгту\02\кпо\se_lab14\se_lab14\debug\se_lab14.ilk
k:\$main$\бгту\02\кпо\se_lab14\debug\se_lab14.pdb
e:\se_lab14\se_lab14\debug\error.obj
e:\se_lab14\se_lab14\debug\in.obj
e:\se_lab14\se_lab14\debug\log.obj
e:\se_lab14\se_lab14\debug\out.obj
e:\se_lab14\se_lab14\debug\parm.obj
e:\se_lab14\se_lab14\debug\se_lab14.obj
e:\se_lab14\se_lab14\debug\se_lab14.ilk
e:\se_lab14\se_lab14\debug\vc143.idb
e:\se_lab14\se_lab14\debug\vc143.pdb
e:\se_lab14\debug\se_lab14.pdb
e:\se_lab14\debug\se_lab14.exe
e:\se_lab14\se_lab14\debug\se_lab14.tlog\cl.command.1.tlog
e:\se_lab14\se_lab14\debug\se_lab14.tlog\cl.items.tlog
e:\se_lab14\se_lab14\debug\se_lab14.tlog\cl.read.1.tlog
e:\se_lab14\se_lab14\debug\se_lab14.tlog\cl.write.1.tlog
e:\se_lab14\se_lab14\debug\se_lab14.tlog\link.command.1.tlog
e:\se_lab14\se_lab14\debug\se_lab14.tlog\link.read.1.tlog
e:\se_lab14\se_lab14\debug\se_lab14.tlog\link.secondary.1.tlog
e:\se_lab14\se_lab14\debug\se_lab14.tlog\link.write.1.tlog
