d:\univer\courses\02\kpo_3sem\bas-2025\bas-2025-vs2026\bas-2025\bas-2025\debug\vc145.pdb
d:\univer\courses\02\kpo_3sem\bas-2025\bas-2025-vs2026\bas-2025\bas-2025\debug\vc145.idb
d:\univer\courses\02\kpo_3sem\bas-2025\bas-2025-vs2026\bas-2025\bas-2025\debug\tests.obj
d:\univer\courses\02\kpo_3sem\bas-2025\bas-2025-vs2026\bas-2025\bas-2025\debug\sem.obj
d:\univer\courses\02\kpo_3sem\bas-2025\bas-2025-vs2026\bas-2025\bas-2025\debug\pn.obj
d:\univer\courses\02\kpo_3sem\bas-2025\bas-2025-vs2026\bas-2025\bas-2025\debug\parm.obj
d:\univer\courses\02\kpo_3sem\bas-2025\bas-2025-vs2026\bas-2025\bas-2025\debug\out.obj
d:\univer\courses\02\kpo_3sem\bas-2025\bas-2025-vs2026\bas-2025\bas-2025\debug\mfst.obj
d:\univer\courses\02\kpo_3sem\bas-2025\bas-2025-vs2026\bas-2025\bas-2025\debug\main.obj
d:\univer\courses\02\kpo_3sem\bas-2025\bas-2025-vs2026\bas-2025\bas-2025\debug\lt.obj
d:\univer\courses\02\kpo_3sem\bas-2025\bas-2025-vs2026\bas-2025\bas-2025\debug\log.obj
d:\univer\courses\02\kpo_3sem\bas-2025\bas-2025-vs2026\bas-2025\bas-2025\debug\lex.obj
d:\univer\courses\02\kpo_3sem\bas-2025\bas-2025-vs2026\bas-2025\bas-2025\debug\it.obj
d:\univer\courses\02\kpo_3sem\bas-2025\bas-2025-vs2026\bas-2025\bas-2025\debug\in.obj
d:\univer\courses\02\kpo_3sem\bas-2025\bas-2025-vs2026\bas-2025\bas-2025\debug\grb.obj
d:\univer\courses\02\kpo_3sem\bas-2025\bas-2025-vs2026\bas-2025\bas-2025\debug\gen.obj
d:\univer\courses\02\kpo_3sem\bas-2025\bas-2025-vs2026\bas-2025\bas-2025\debug\fst.obj
d:\univer\courses\02\kpo_3sem\bas-2025\bas-2025-vs2026\bas-2025\bas-2025\debug\error.obj
d:\univer\courses\02\kpo_3sem\bas-2025\bas-2025-vs2026\bas-2025\bas-2025\debug\automata.obj
d:\univer\courses\02\kpo_3sem\bas-2025\bas-2025-vs2026\bas-2025\debug\bas-2025.exe
d:\univer\courses\02\kpo_3sem\bas-2025\bas-2025-vs2026\bas-2025\debug\bas-2025.pdb
d:\univer\courses\02\kpo_3sem\bas-2025\bas-2025-vs2026\bas-2025\bas-2025\debug\bas-2025.ilk
d:\univer\courses\02\kpo_3sem\bas-2025\bas-2025-vs2026\bas-2025\bas-2025\debug\bas-2025.tlog\cl.command.1.tlog
d:\univer\courses\02\kpo_3sem\bas-2025\bas-2025-vs2026\bas-2025\bas-2025\debug\bas-2025.tlog\cl.items.tlog
d:\univer\courses\02\kpo_3sem\bas-2025\bas-2025-vs2026\bas-2025\bas-2025\debug\bas-2025.tlog\cl.read.1.tlog
d:\univer\courses\02\kpo_3sem\bas-2025\bas-2025-vs2026\bas-2025\bas-2025\debug\bas-2025.tlog\cl.write.1.tlog
d:\univer\courses\02\kpo_3sem\bas-2025\bas-2025-vs2026\bas-2025\bas-2025\debug\bas-2025.tlog\link.command.1.tlog
d:\univer\courses\02\kpo_3sem\bas-2025\bas-2025-vs2026\bas-2025\bas-2025\debug\bas-2025.tlog\link.read.1.tlog
d:\univer\courses\02\kpo_3sem\bas-2025\bas-2025-vs2026\bas-2025\bas-2025\debug\bas-2025.tlog\link.secondary.1.tlog
d:\univer\courses\02\kpo_3sem\bas-2025\bas-2025-vs2026\bas-2025\bas-2025\debug\bas-2025.tlog\link.write.1.tlog
