k:\$main$\бгту\02\kpo_3sem\bas-2025\bas-2025\bas-2025\debug\vc143.pdb
k:\$main$\бгту\02\kpo_3sem\bas-2025\bas-2025\bas-2025\debug\vc143.idb
k:\$main$\бгту\02\kpo_3sem\bas-2025\bas-2025\bas-2025\debug\tests.obj
k:\$main$\бгту\02\kpo_3sem\bas-2025\bas-2025\bas-2025\debug\sem.obj
k:\$main$\бгту\02\kpo_3sem\bas-2025\bas-2025\bas-2025\debug\pn.obj
k:\$main$\бгту\02\kpo_3sem\bas-2025\bas-2025\bas-2025\debug\parm.obj
k:\$main$\бгту\02\kpo_3sem\bas-2025\bas-2025\bas-2025\debug\out.obj
k:\$main$\бгту\02\kpo_3sem\bas-2025\bas-2025\bas-2025\debug\mfst.obj
k:\$main$\бгту\02\kpo_3sem\bas-2025\bas-2025\bas-2025\debug\main.obj
k:\$main$\бгту\02\kpo_3sem\bas-2025\bas-2025\bas-2025\debug\lt.obj
k:\$main$\бгту\02\kpo_3sem\bas-2025\bas-2025\bas-2025\debug\log.obj
k:\$main$\бгту\02\kpo_3sem\bas-2025\bas-2025\bas-2025\debug\lex.obj
k:\$main$\бгту\02\kpo_3sem\bas-2025\bas-2025\bas-2025\debug\it.obj
k:\$main$\бгту\02\kpo_3sem\bas-2025\bas-2025\bas-2025\debug\in.obj
k:\$main$\бгту\02\kpo_3sem\bas-2025\bas-2025\bas-2025\debug\gen.obj
k:\$main$\бгту\02\kpo_3sem\bas-2025\bas-2025\bas-2025\debug\fst.obj
k:\$main$\бгту\02\kpo_3sem\bas-2025\bas-2025\bas-2025\debug\error.obj
k:\$main$\бгту\02\kpo_3sem\bas-2025\bas-2025\bas-2025\debug\automata.obj
k:\$main$\бгту\02\kpo_3sem\bas-2025\bas-2025\bas-2025\debug\bas-2025.tlog\cl.command.1.tlog
k:\$main$\бгту\02\kpo_3sem\bas-2025\bas-2025\bas-2025\debug\bas-2025.tlog\cl.read.1.tlog
k:\$main$\бгту\02\kpo_3sem\bas-2025\bas-2025\bas-2025\debug\bas-2025.tlog\cl.write.1.tlog
